<!doctype html>
<html>
  <head>
  </head>
  <body>
    <h1>Witaj Jimmy!</h1>
    <p>Wybrałeś 5 produktów.</p>
    <button>Kup</button>
  </body>
</html>
